Scene: Example Scene
Entities List:
  - EntityID: 3
    TagComponent:
      Tag: BackGround
    TransformComponent:
      Position: [0.482516527, -1.33687782, -13.6199999]
      Rotation: [0, -0, 0]
      Scale: [69.2486877, 50.788475, 1]
    SpriteRendererComponent:
      Color: [0.137037039, 0.137037039, 0.137037039, 1]
  - EntityID: 2
    TagComponent:
      Tag: Camera
    TransformComponent:
      Position: [0, 0, 27.7312183]
      Rotation: [0, -0, 0]
      Scale: [1, 1, 1.00000012]
    CameraComponent:
      ProjectionType: 0
      OrthoGraphicSize: 10
      OrthoGraphicNear: -100
      OrthoGraphicFar: 100
      PerspectiveFov: 0.92956233
      PerspectiveNear: 0.00999999978
      PerspectiveFar: 1000
      IsMain: true
      FixedAspectRatio: false
  - EntityID: 1
    TagComponent:
      Tag: Player
    TransformComponent:
      Position: [-0.983997345, 6.34819078, 0]
      Rotation: [0, -0, 29.8139992]
      Scale: [0.999969363, 0.999969363, 1]
    SpriteRendererComponent:
      Color: [1, 0.422222197, 0, 1]
    RigidBody2DComponent:
      RigidBody2DType: Dynamic
      FixedRotation: false
    BoxCollider2DComponent:
      Size: [0.5, 0.5]
      Offset: [0, 0]
      Density: 1
      Friction: 0.519999981
      Restitution: 0.5
      RestitutionThreshold: 0.5
  - EntityID: 0
    TagComponent:
      Tag: Platform
    TransformComponent:
      Position: [0, -7.48494911, 0]
      Rotation: [0, -0, 0]
      Scale: [30.8523979, 1, 1]
    SpriteRendererComponent:
      Color: [0.0222222805, 1, 0, 1]
    RigidBody2DComponent:
      RigidBody2DType: Static
      FixedRotation: false
    BoxCollider2DComponent:
      Size: [0.5, 0.5]
      Offset: [0, 0]
      Density: 1
      Friction: 0.5
      Restitution: 0.5
      RestitutionThreshold: 0.5