Scene: Example Scene
Entities List:
  - EntityID: 2288478554478912317
    TagComponent:
      Tag: Platform
    TransformComponent:
      Position: [0.000258564891, -6.94680786, 0]
      Rotation: [0, -0, 0]
      Scale: [15.8531809, 0.623412967, 1]
    SpriteRendererComponent:
      Color: [1, 0.481481552, 0.166666687, 1]
      TilingFactor: 1
    RigidBody2DComponent:
      RigidBody2DType: Static
      FixedRotation: false
    BoxCollider2DComponent:
      Size: [0.5, 0.5]
      Offset: [0, 0]
      Density: 1
      Friction: 0.5
      Restitution: 0.5
      RestitutionThreshold: 0.5
  - EntityID: 15688958310175884110
    TagComponent:
      Tag: Box
    TransformComponent:
      Position: [0.172053218, -1.74746251, 0]
      Rotation: [0, -0, 56.0812378]
      Scale: [1, 1, 1]
    SpriteRendererComponent:
      Color: [1, 1, 1, 1]
      TexturePath: assets\textures\box.png
      TilingFactor: 1
    RigidBody2DComponent:
      RigidBody2DType: Dynamic
      FixedRotation: false
    BoxCollider2DComponent:
      Size: [0.5, 0.5]
      Offset: [0, 0]
      Density: 1
      Friction: 0.5
      Restitution: 0.5
      RestitutionThreshold: 0.5
  - EntityID: 16590647877972748878
    TagComponent:
      Tag: Box
    TransformComponent:
      Position: [1.06597543, -3.03851056, 0]
      Rotation: [0, -0, -96.1922455]
      Scale: [1, 1, 1]
    SpriteRendererComponent:
      Color: [1, 1, 1, 1]
      TexturePath: assets\textures\box.png
      TilingFactor: 1
    RigidBody2DComponent:
      RigidBody2DType: Dynamic
      FixedRotation: false
    BoxCollider2DComponent:
      Size: [0.5, 0.5]
      Offset: [0, 0]
      Density: 1
      Friction: 0.5
      Restitution: 0.5
      RestitutionThreshold: 0.5
  - EntityID: 1245562299676383046
    TagComponent:
      Tag: Box
    TransformComponent:
      Position: [-3.5854907, -3.24070358, 0]
      Rotation: [0, -0, -102.008507]
      Scale: [1, 1, 1]
    SpriteRendererComponent:
      Color: [1, 1, 1, 1]
      TexturePath: assets\textures\box.png
      TilingFactor: 1
    RigidBody2DComponent:
      RigidBody2DType: Dynamic
      FixedRotation: false
    BoxCollider2DComponent:
      Size: [0.5, 0.5]
      Offset: [0, 0]
      Density: 1
      Friction: 0.5
      Restitution: 0.5
      RestitutionThreshold: 0.5
  - EntityID: 10507507418219159376
    TagComponent:
      Tag: Box
    TransformComponent:
      Position: [0.0372656994, -2.97898412, 0]
      Rotation: [0, -0, -7.84153986]
      Scale: [1, 1, 1]
    SpriteRendererComponent:
      Color: [1, 1, 1, 1]
      TexturePath: assets\textures\box.png
      TilingFactor: 1
    RigidBody2DComponent:
      RigidBody2DType: Dynamic
      FixedRotation: false
    BoxCollider2DComponent:
      Size: [0.5, 0.5]
      Offset: [0, 0]
      Density: 1
      Friction: 0.5
      Restitution: 0.5
      RestitutionThreshold: 0.5
  - EntityID: 15302601758015892253
    TagComponent:
      Tag: Box
    TransformComponent:
      Position: [2.64619708, -5.45096111, 0]
      Rotation: [0, -0, 42.2094994]
      Scale: [1, 1, 1]
    SpriteRendererComponent:
      Color: [1, 1, 1, 1]
      TexturePath: assets\textures\box.png
      TilingFactor: 1
    RigidBody2DComponent:
      RigidBody2DType: Dynamic
      FixedRotation: false
    BoxCollider2DComponent:
      Size: [0.5, 0.5]
      Offset: [0, 0]
      Density: 1
      Friction: 0.5
      Restitution: 0.5
      RestitutionThreshold: 0.5
  - EntityID: 5668200899518770139
    TagComponent:
      Tag: Box
    TransformComponent:
      Position: [2.19261003, -2.17661023, 0]
      Rotation: [0, -0, -29.1432877]
      Scale: [1, 1, 1]
    SpriteRendererComponent:
      Color: [1, 1, 1, 1]
      TexturePath: assets\textures\box.png
      TilingFactor: 1
    RigidBody2DComponent:
      RigidBody2DType: Dynamic
      FixedRotation: false
    BoxCollider2DComponent:
      Size: [0.5, 0.5]
      Offset: [0, 0]
      Density: 1
      Friction: 0.5
      Restitution: 0.5
      RestitutionThreshold: 0.5
  - EntityID: 900097658661007088
    TagComponent:
      Tag: Box
    TransformComponent:
      Position: [-1.98992932, -2.96152902, 0]
      Rotation: [0, -0, -1.99787533]
      Scale: [1, 1, 1]
    SpriteRendererComponent:
      Color: [1, 1, 1, 1]
      TexturePath: assets\textures\box.png
      TilingFactor: 1
    RigidBody2DComponent:
      RigidBody2DType: Dynamic
      FixedRotation: false
    BoxCollider2DComponent:
      Size: [0.5, 0.5]
      Offset: [0, 0]
      Density: 1
      Friction: 0.5
      Restitution: 0.5
      RestitutionThreshold: 0.5
  - EntityID: 1858312243442084334
    TagComponent:
      Tag: Box
    TransformComponent:
      Position: [2.94737196, -3.94771266, 0]
      Rotation: [0, -0, -106.123878]
      Scale: [1, 1, 1]
    SpriteRendererComponent:
      Color: [1, 1, 1, 1]
      TexturePath: assets\textures\box.png
      TilingFactor: 1
    RigidBody2DComponent:
      RigidBody2DType: Dynamic
      FixedRotation: false
    BoxCollider2DComponent:
      Size: [0.5, 0.5]
      Offset: [0, 0]
      Density: 1
      Friction: 0.5
      Restitution: 0.5
      RestitutionThreshold: 0.5
  - EntityID: 17004438609094579889
    TagComponent:
      Tag: Box
    TransformComponent:
      Position: [-1.5232023, -1.74966729, 0]
      Rotation: [0, -0, -41.5464592]
      Scale: [1, 1, 1]
    SpriteRendererComponent:
      Color: [1, 1, 1, 1]
      TexturePath: assets\textures\box.png
      TilingFactor: 1
    RigidBody2DComponent:
      RigidBody2DType: Dynamic
      FixedRotation: false
    BoxCollider2DComponent:
      Size: [0.5, 0.5]
      Offset: [0, 0]
      Density: 1
      Friction: 0.5
      Restitution: 0.5
      RestitutionThreshold: 0.5
  - EntityID: 9847780684320217900
    TagComponent:
      Tag: Camera
    TransformComponent:
      Position: [0, -1.24167526, 34.1070061]
      Rotation: [0, -0, 0]
      Scale: [1, 1, 1]
    CameraComponent:
      ProjectionType: 0
      OrthoGraphicSize: 10
      OrthoGraphicNear: -100
      OrthoGraphicFar: 100
      PerspectiveFov: 0.785398185
      PerspectiveNear: 0.00999999978
      PerspectiveFar: 1000
      IsMain: true
      FixedAspectRatio: false
  - EntityID: 12262835746040909187
    TagComponent:
      Tag: BackGround
    TransformComponent:
      Position: [0, 0, -9.25551796]
      Rotation: [0, -0, 0]
      Scale: [84.4628372, 50, 1]
    SpriteRendererComponent:
      Color: [0.322222233, 0.322222233, 0.322222233, 1]
      TilingFactor: 1
  - EntityID: 12770424798721615796
    TagComponent:
      Tag: Box
    TransformComponent:
      Position: [-0.135761902, -5.081635, -1.45519152e-11]
      Rotation: [0, -0, -0.81917274]
      Scale: [3, 3, 2.6500001]
    SpriteRendererComponent:
      Color: [1, 1, 1, 1]
      TexturePath: assets\textures\box.png
      TilingFactor: 1
    RigidBody2DComponent:
      RigidBody2DType: Dynamic
      FixedRotation: false
    BoxCollider2DComponent:
      Size: [0.5, 0.5]
      Offset: [0, 0]
      Density: 1
      Friction: 0.5
      Restitution: 0.5
      RestitutionThreshold: 0.5